Archive member included to satisfy reference by file (symbol)

/usr/lib/gcc/arm-none-eabi/13.2.1/libgcc.a(_udivsi3.o)
                              build/stdio.o (__aeabi_uidiv)
/usr/lib/gcc/arm-none-eabi/13.2.1/libgcc.a(_divsi3.o)
                              build/stdio.o (__aeabi_idiv)
/usr/lib/gcc/arm-none-eabi/13.2.1/libgcc.a(_dvmd_tls.o)
                              /usr/lib/gcc/arm-none-eabi/13.2.1/libgcc.a(_udivsi3.o) (__aeabi_idiv0)

There are no discarded input sections

Memory Configuration

Name             Origin             Length             Attributes
*default*        0x00000000         0xffffffff

Linker script and memory map

LOAD build/Entry.os
LOAD build/Handler.o
LOAD build/main.o
LOAD build/Interrupt.o
LOAD build/Regs.o
LOAD build/Uart.o
LOAD build/armcpu.o
LOAD build/stdio.o
LOAD /usr/lib/gcc/arm-none-eabi/13.2.1/libgcc.a
                0x00080000                        . = 0x80000

.text           0x00080000     0x1a50
 *(vector_start)
 *(.text .rodata)
 .text          0x00080000       0xf0 build/Entry.os
                0x00080000                vector_start
                0x0008003c                vector_end
 .text          0x000800f0       0x24 build/Handler.o
                0x000800f0                IRQ_handler
                0x0008010c                FIQ_handler
 .text          0x00080114       0x9c build/main.o
                0x00080114                main
 .rodata        0x000801b0       0x22 build/main.o
 *fill*         0x000801d2        0x2 
 .text          0x000801d4      0x550 build/Interrupt.o
                0x000801d4                Interrupt_init
                0x0008023c                Interrupt_enable
                0x000803f0                Interrupt_disable
                0x00080594                Interrupt_register_handler
                0x000805cc                Interrupt_run_handler
 .rodata        0x00080724       0x1c build/Interrupt.o
 .text          0x00080740        0x0 build/Regs.o
 .text          0x00080740      0x214 build/Uart.o
                0x00080740                Uart_init
                0x000807e0                Uart_put_char
                0x0008083c                Uart_get_char
 .rodata        0x00080954       0x1f build/Uart.o
 *fill*         0x00080973        0x1 
 .text          0x00080974       0xb0 build/armcpu.o
                0x00080974                enable_irq
                0x000809a0                enable_fiq
                0x000809cc                disable_irq
                0x000809f8                disable_fiq
 .text          0x00080a24      0xdc0 build/stdio.o
                0x00080a24                putstr
                0x00080a84                debug_printf
                0x00080ad4                vsprintf
                0x00080da0                utoa
                0x00080eb4                itoa
                0x00081028                debug_scanf
                0x00081218                vsscanf
                0x000814fc                atou
                0x00081644                atoi
 .rodata        0x000817e4        0xc build/stdio.o
 .text          0x000817f0      0x114 /usr/lib/gcc/arm-none-eabi/13.2.1/libgcc.a(_udivsi3.o)
                0x000817f0                __udivsi3
                0x000817f0                __aeabi_uidiv
                0x000818e4                __aeabi_uidivmod
 .text          0x00081904      0x148 /usr/lib/gcc/arm-none-eabi/13.2.1/libgcc.a(_divsi3.o)
                0x00081904                __aeabi_idiv
                0x00081904                __divsi3
                0x00081a2c                __aeabi_idivmod
 .text          0x00081a4c        0x4 /usr/lib/gcc/arm-none-eabi/13.2.1/libgcc.a(_dvmd_tls.o)
                0x00081a4c                __aeabi_ldiv0
                0x00081a4c                __aeabi_idiv0

.glue_7         0x00081a50        0x0
 .glue_7        0x00081a50        0x0 linker stubs

.glue_7t        0x00081a50        0x0
 .glue_7t       0x00081a50        0x0 linker stubs

.vfp11_veneer   0x00081a50        0x0
 .vfp11_veneer  0x00081a50        0x0 linker stubs

.v4_bx          0x00081a50        0x0
 .v4_bx         0x00081a50        0x0 linker stubs

.iplt           0x00081a50        0x0
 .iplt          0x00081a50        0x0 build/Entry.os

.rel.dyn        0x00081a50        0x0
 .rel.iplt      0x00081a50        0x0 build/Entry.os

.data           0x00081a50        0x8
 *(.data)
 .data          0x00081a50        0x0 build/Entry.os
 .data          0x00081a50        0x0 build/Handler.o
 .data          0x00081a50        0x0 build/main.o
 .data          0x00081a50        0x0 build/Interrupt.o
 .data          0x00081a50        0x8 build/Regs.o
                0x00081a50                Uart
                0x00081a54                Intr
 .data          0x00081a58        0x0 build/Uart.o
 .data          0x00081a58        0x0 build/armcpu.o
 .data          0x00081a58        0x0 build/stdio.o
 .data          0x00081a58        0x0 /usr/lib/gcc/arm-none-eabi/13.2.1/libgcc.a(_udivsi3.o)
 .data          0x00081a58        0x0 /usr/lib/gcc/arm-none-eabi/13.2.1/libgcc.a(_divsi3.o)
 .data          0x00081a58        0x0 /usr/lib/gcc/arm-none-eabi/13.2.1/libgcc.a(_dvmd_tls.o)

.igot.plt       0x00081a58        0x0
 .igot.plt      0x00081a58        0x0 build/Entry.os

.bss            0x00081a58      0x920
 *(.bss)
 .bss           0x00081a58        0x0 build/Entry.os
 .bss           0x00081a58        0x0 build/Handler.o
 .bss           0x00081a58        0x0 build/main.o
 .bss           0x00081a58      0x120 build/Interrupt.o
 .bss           0x00081b78        0x0 build/Regs.o
 .bss           0x00081b78        0x0 build/Uart.o
 .bss           0x00081b78        0x0 build/armcpu.o
 .bss           0x00081b78      0x800 build/stdio.o
 .bss           0x00082378        0x0 /usr/lib/gcc/arm-none-eabi/13.2.1/libgcc.a(_udivsi3.o)
 .bss           0x00082378        0x0 /usr/lib/gcc/arm-none-eabi/13.2.1/libgcc.a(_divsi3.o)
 .bss           0x00082378        0x0 /usr/lib/gcc/arm-none-eabi/13.2.1/libgcc.a(_dvmd_tls.o)
OUTPUT(build/pirtos.axf elf32-littlearm)
LOAD linker stubs

.ARM.attributes
                0x00000000       0x2b
 .ARM.attributes
                0x00000000       0x1d build/Entry.os
 .ARM.attributes
                0x0000001d       0x2f build/Handler.o
 .ARM.attributes
                0x0000004c       0x2f build/main.o
 .ARM.attributes
                0x0000007b       0x2f build/Interrupt.o
 .ARM.attributes
                0x000000aa       0x2f build/Regs.o
 .ARM.attributes
                0x000000d9       0x2f build/Uart.o
 .ARM.attributes
                0x00000108       0x2f build/armcpu.o
 .ARM.attributes
                0x00000137       0x2f build/stdio.o
 .ARM.attributes
                0x00000166       0x1c /usr/lib/gcc/arm-none-eabi/13.2.1/libgcc.a(_udivsi3.o)
 .ARM.attributes
                0x00000182       0x1c /usr/lib/gcc/arm-none-eabi/13.2.1/libgcc.a(_divsi3.o)
 .ARM.attributes
                0x0000019e       0x1c /usr/lib/gcc/arm-none-eabi/13.2.1/libgcc.a(_dvmd_tls.o)

.comment        0x00000000       0x26
 .comment       0x00000000       0x26 build/Handler.o
                                 0x27 (size before relaxing)
 .comment       0x00000026       0x27 build/main.o
 .comment       0x00000026       0x27 build/Interrupt.o
 .comment       0x00000026       0x27 build/Regs.o
 .comment       0x00000026       0x27 build/Uart.o
 .comment       0x00000026       0x27 build/armcpu.o
 .comment       0x00000026       0x27 build/stdio.o

.debug_line     0x00000000      0xaa1
 .debug_line    0x00000000       0x81 build/Entry.os
 .debug_line    0x00000081       0x5b build/Handler.o
 .debug_line    0x000000dc       0x94 build/main.o
 .debug_line    0x00000170      0x167 build/Interrupt.o
 .debug_line    0x000002d7       0x58 build/Regs.o
 .debug_line    0x0000032f       0xf8 build/Uart.o
 .debug_line    0x00000427       0x67 build/armcpu.o
 .debug_line    0x0000048e      0x4ef build/stdio.o
 .debug_line    0x0000097d       0x67 /usr/lib/gcc/arm-none-eabi/13.2.1/libgcc.a(_udivsi3.o)
 .debug_line    0x000009e4       0x73 /usr/lib/gcc/arm-none-eabi/13.2.1/libgcc.a(_divsi3.o)
 .debug_line    0x00000a57       0x4a /usr/lib/gcc/arm-none-eabi/13.2.1/libgcc.a(_dvmd_tls.o)

.debug_line_str
                0x00000000       0x9e
 .debug_line_str
                0x00000000       0x9e build/Entry.os
                                 0x20 (size before relaxing)
 .debug_line_str
                0x0000009e       0x7e /usr/lib/gcc/arm-none-eabi/13.2.1/libgcc.a(_udivsi3.o)
 .debug_line_str
                0x0000009e       0x7e /usr/lib/gcc/arm-none-eabi/13.2.1/libgcc.a(_divsi3.o)
 .debug_line_str
                0x0000009e       0x7e /usr/lib/gcc/arm-none-eabi/13.2.1/libgcc.a(_dvmd_tls.o)

.debug_info     0x00000000     0x2991
 .debug_info    0x00000000       0x25 build/Entry.os
 .debug_info    0x00000025       0x8b build/Handler.o
 .debug_info    0x000000b0      0x170 build/main.o
 .debug_info    0x00000220      0x52e build/Interrupt.o
 .debug_info    0x0000074e      0xf6c build/Regs.o
 .debug_info    0x000016ba      0xc1b build/Uart.o
 .debug_info    0x000022d5       0x67 build/armcpu.o
 .debug_info    0x0000233c      0x59d build/stdio.o
 .debug_info    0x000028d9       0x3e /usr/lib/gcc/arm-none-eabi/13.2.1/libgcc.a(_udivsi3.o)
 .debug_info    0x00002917       0x3e /usr/lib/gcc/arm-none-eabi/13.2.1/libgcc.a(_divsi3.o)
 .debug_info    0x00002955       0x3c /usr/lib/gcc/arm-none-eabi/13.2.1/libgcc.a(_dvmd_tls.o)

.debug_abbrev   0x00000000      0x8ff
 .debug_abbrev  0x00000000       0x14 build/Entry.os
 .debug_abbrev  0x00000014       0x6f build/Handler.o
 .debug_abbrev  0x00000083      0x115 build/main.o
 .debug_abbrev  0x00000198      0x1c6 build/Interrupt.o
 .debug_abbrev  0x0000035e      0x11f build/Regs.o
 .debug_abbrev  0x0000047d      0x20f build/Uart.o
 .debug_abbrev  0x0000068c       0x2f build/armcpu.o
 .debug_abbrev  0x000006bb      0x1ce build/stdio.o
 .debug_abbrev  0x00000889       0x28 /usr/lib/gcc/arm-none-eabi/13.2.1/libgcc.a(_udivsi3.o)
 .debug_abbrev  0x000008b1       0x28 /usr/lib/gcc/arm-none-eabi/13.2.1/libgcc.a(_divsi3.o)
 .debug_abbrev  0x000008d9       0x26 /usr/lib/gcc/arm-none-eabi/13.2.1/libgcc.a(_dvmd_tls.o)

.debug_aranges  0x00000000      0x158
 .debug_aranges
                0x00000000       0x20 build/Entry.os
 .debug_aranges
                0x00000020       0x20 build/Handler.o
 .debug_aranges
                0x00000040       0x20 build/main.o
 .debug_aranges
                0x00000060       0x20 build/Interrupt.o
 .debug_aranges
                0x00000080       0x18 build/Regs.o
 .debug_aranges
                0x00000098       0x20 build/Uart.o
 .debug_aranges
                0x000000b8       0x20 build/armcpu.o
 .debug_aranges
                0x000000d8       0x20 build/stdio.o
 .debug_aranges
                0x000000f8       0x20 /usr/lib/gcc/arm-none-eabi/13.2.1/libgcc.a(_udivsi3.o)
 .debug_aranges
                0x00000118       0x20 /usr/lib/gcc/arm-none-eabi/13.2.1/libgcc.a(_divsi3.o)
 .debug_aranges
                0x00000138       0x20 /usr/lib/gcc/arm-none-eabi/13.2.1/libgcc.a(_dvmd_tls.o)

.debug_str      0x00000000      0x92e
 .debug_str     0x00000000      0x92e build/Entry.os
                                 0x2c (size before relaxing)
 .debug_str     0x0000092e      0x113 build/Handler.o
 .debug_str     0x0000092e      0x14d build/main.o
 .debug_str     0x0000092e      0x34e build/Interrupt.o
 .debug_str     0x0000092e      0x5f9 build/Regs.o
 .debug_str     0x0000092e      0x509 build/Uart.o
 .debug_str     0x0000092e       0xa8 build/armcpu.o
 .debug_str     0x0000092e      0x1f2 build/stdio.o
 .debug_str     0x0000092e       0xa5 /usr/lib/gcc/arm-none-eabi/13.2.1/libgcc.a(_udivsi3.o)
 .debug_str     0x0000092e       0xa3 /usr/lib/gcc/arm-none-eabi/13.2.1/libgcc.a(_divsi3.o)
 .debug_str     0x0000092e       0xa6 /usr/lib/gcc/arm-none-eabi/13.2.1/libgcc.a(_dvmd_tls.o)

.debug_frame    0x00000000      0x40c
 .debug_frame   0x00000000       0x50 build/Handler.o
 .debug_frame   0x00000050       0x48 build/main.o
 .debug_frame   0x00000098       0xb0 build/Interrupt.o
 .debug_frame   0x00000148       0x8c build/Uart.o
 .debug_frame   0x000001d4       0x90 build/armcpu.o
 .debug_frame   0x00000264      0x168 build/stdio.o
 .debug_frame   0x000003cc       0x20 /usr/lib/gcc/arm-none-eabi/13.2.1/libgcc.a(_udivsi3.o)
 .debug_frame   0x000003ec       0x20 /usr/lib/gcc/arm-none-eabi/13.2.1/libgcc.a(_divsi3.o)
